../Components/Src/disp.c:45:6:__disp_dio_write_data	24	static
../Components/Src/disp.c:51:6:__disp_dio_disable_all_digits	24	static
../Components/Src/disp.c:57:6:__disp_dio_enable_digit	16	static
../Components/Src/disp.c:63:6:__disp_dio_enable_decimal_point	16	static
../Components/Src/disp.c:68:6:__disp_dio_disable_decimal_point	16	static
../Components/Src/disp.c:73:6:__tm1637_delay_us	24	static,ignoring_inline_asm
../Components/Src/disp.c:84:6:__tm1637_start	16	static
../Components/Src/disp.c:92:6:__tm1637_stop	16	static
../Components/Src/disp.c:103:6:__tm1637_read_result	16	static
../Components/Src/disp.c:113:6:__tm1637_write_byte	24	static
../Components/Src/disp.c:146:6:DISP_DIO_EnableDecimalPoint	16	static
../Components/Src/disp.c:156:6:DISP_DIO_printDecUInt	24	static
../Components/Src/disp.c:171:6:DISP_DIO_ROUTINE	24	static
../Components/Src/disp.c:214:6:DISP_TM1637_Init	16	static
../Components/Src/disp.c:225:6:DISP_TM1637_printDecUInt	32	static
../Components/Src/disp.c:260:6:DISP_TM1637_SetBrightness	16	static
