../Components/Src/menu_config.c:43:1:__menu_ldr1_routine	16	static
../Components/Src/menu_config.c:44:1:__menu_ldg1_routine	16	static
../Components/Src/menu_config.c:45:1:__menu_ldb1_routine	16	static
../Components/Src/menu_config.c:47:1:__menu_ldr2_routine	16	static
../Components/Src/menu_config.c:48:1:__menu_ldg2_routine	16	static
../Components/Src/menu_config.c:49:1:__menu_ldb2_routine	16	static
../Components/Src/menu_config.c:51:1:__menu_ldrgb_r_routine	16	static
../Components/Src/menu_config.c:52:1:__menu_ldrgb_g_routine	16	static
../Components/Src/menu_config.c:53:1:__menu_ldrgb_b_routine	16	static
../Components/Src/menu_config.c:55:1:__menu_enc1_routine	24	static
../Components/Src/menu_config.c:57:1:__menu_ain1_routine	24	static
../Components/Src/menu_config.c:58:1:__menu_ain2_routine	24	static
../Components/Src/menu_config.c:60:1:__menu_bmp2_routine	16	static
../Components/Src/menu_config.c:61:1:__menu_bh1750_routine	16	static
../Components/Src/menu_config.c:63:1:__menu_aout1_routine	16	static
../Components/Src/menu_config.c:92:6:menu_dout_routine	56	static
../Components/Src/menu_config.c:115:6:menu_pwm_routine	56	static
../Components/Src/menu_config.c:130:6:menu_uint_io_routine	72	static
../Components/Src/menu_config.c:139:6:menu_float_io_routine	80	static
../Components/Src/menu_config.c:147:6:menu_dac_routine	56	static
../Components/Src/menu_config.c:166:6:MENU_Init	24	static
../Components/Src/menu_config.c:191:6:MENU_ROUTINE	16	static
